pid 4 test_4: trap 14 err 7 on cpu 0 eip 0x104b addr 0x1000--kill proc
